// Jest Snapshot v1, https://goo.gl/fbAQLP

exports[`Utils: dom #setAttributes should set attributes to element correctly 1`] = `"<div aria-labelledby=\\"fake-id\\" role=\\"tabpanel\\" tabindex=\\"0\\"></div>"`;
